F                                                                        [100%]
================================== FAILURES ===================================
_______ test_full_headless_c5_controller_then_registers_selected_bundle _______

tmp_path = WindowsPath('E:/_ryanDev/AI/research-loop-modular/work/c5-headless-runtime-full-r2/test_full_headless_c5_controll0')
monkeypatch = <_pytest.monkeypatch.MonkeyPatch object at 0x0000029AD74B0740>

    @pytest.mark.skipif(os.environ.get('RESEARCH_LOOP_RUN_FULL_C5_HEADLESS') != '1',
                        reason='set RESEARCH_LOOP_RUN_FULL_C5_HEADLESS=1 for the complete synthetic integration')
    def test_full_headless_c5_controller_then_registers_selected_bundle(tmp_path, monkeypatch):
        """One full run: controller, closure, verifier, selector and registration."""
        setup = prepare_headless_runtime(tmp_path, monkeypatch)
        runner = executor(setup)
        plan = runner.plan
        allocation = plan.protocol.record.data()['allocation']
        assert allocation['model_calls'] == 930 and allocation['target_cells'] == allocation['scorer_calls'] == 118
        run = run_joint_common_train(runner, scorer_factory=_headless_scorer_factory(tmp_path, plan, setup['evaluator']),
                                     execution_authority=EXEC, scorer_authority_keys={SCORER.authority_id: SCORER.key})
        receipt = run.receipt.data()
>       assert len(run.builds) == 46 and len(run.targets) == len(run.scores) == len(run.panel.cells) == 118
E       assert (38 == 46)
E        +  where 38 = len((JointTrainStage(record=FrozenRecord(encoded='{"build_id":"9978ab3df111713fb54cd7a708fc67bc5eec6d553c8e14d154bd10a4928... session=<research_loop.modular.phase_provider.PhaseProviderSession object at 0x0000029AD64E1A30>), barrier=None), ...))
E        +    where (JointTrainStage(record=FrozenRecord(encoded='{"build_id":"9978ab3df111713fb54cd7a708fc67bc5eec6d553c8e14d154bd10a4928... session=<research_loop.modular.phase_provider.PhaseProviderSession object at 0x0000029AD64E1A30>), barrier=None), ...) = JointCommonTrainRun(root=WindowsPath('E:/_ryanDev/AI/research-loop-modular/work/c5-headless-runtime-full-r2/test_full_...del_calls":null,"retrieval_requests":375,"scorer_calls":118,"solver_docker_attempts":118},"validation_opened":false}')).builds

tests\test_c5_headless_runtime_controller_full.py:127: AssertionError
- generated xml file: E:\_ryanDev\AI\research-loop-modular\work\c5-headless-runtime-full-r2.xml -
=========================== short test summary info ===========================
FAILED tests/test_c5_headless_runtime_controller_full.py::test_full_headless_c5_controller_then_registers_selected_bundle
{"commit": "83aefb74f15a72d421dd5e34002e36483b6ce6d0", "source_unchanged": true, "source_count": 794, "exit_code": 1, "wall_seconds": 15543.108999999997, "new_paid_calls": 0, "report_sha256": "b4a3da7d2ac5542baf4063a121ee9059089f963fae3ca5445f44afe1f1bbbb74", "junit": {"tests": 1, "failures": 1, "errors": 0, "skipped": 0}}
{"source_archive_matches_frozen_input": true, "source_files": 794, "source_archive_sha256": "9a874d922cc1b8576a51f6c591b1acf5256847ec6f19862e3868bdfb8ad7166a"}
