F                                                                        [100%]
================================== FAILURES ===================================
_______ test_full_headless_c5_controller_then_registers_selected_bundle _______

tmp_path = WindowsPath('E:/_ryanDev/AI/research-loop-modular/work/c5-headless-runtime-full-r1/test_full_headless_c5_controll0')
monkeypatch = <_pytest.monkeypatch.MonkeyPatch object at 0x0000023FFFFB1D30>

    @pytest.mark.skipif(os.environ.get('RESEARCH_LOOP_RUN_FULL_C5_HEADLESS') != '1',
                        reason='set RESEARCH_LOOP_RUN_FULL_C5_HEADLESS=1 for the complete synthetic integration')
    def test_full_headless_c5_controller_then_registers_selected_bundle(tmp_path, monkeypatch):
        """One full run: controller, closure, verifier, selector and registration."""
        setup = prepare_headless_runtime(tmp_path, monkeypatch)
        runner = executor(setup)
        plan = runner.plan
        allocation = plan.protocol.record.data()['allocation']
        assert allocation['model_calls'] == 930 and allocation['target_cells'] == allocation['scorer_calls'] == 118
>       run = run_joint_common_train(runner, scorer_factory=_headless_scorer_factory(tmp_path, plan, setup['evaluator']),
                                     execution_authority=EXEC, scorer_authority_keys={SCORER.authority_id: SCORER.key})

tests\test_c5_headless_runtime_controller_full.py:86: 
_ _ _ _ _ _ _ _ _ _ _ _ _ _ _ _ _ _ _ _ _ _ _ _ _ _ _ _ _ _ _ _ _ _ _ _ _ _ _ _

executor = <research_loop.modular.joint_train_runtime.JointTrainStageExecutor object at 0x0000023FFFD31EE0>

    def run_joint_common_train(executor: JointTrainStageExecutor, *, scorer_factory: Callable[[JointTrainPanel], object],
                               execution_authority: LinkedExecutionAuthority, scorer_authority_keys: dict[str, bytes]) -> JointCommonTrainRun:
        """Run all 46+118 opportunities and score only after a final target seal."""
        if (type(executor) is not JointTrainStageExecutor or not callable(scorer_factory)
                or type(execution_authority) is not LinkedExecutionAuthority or not isinstance(scorer_authority_keys, dict)
                or executor.stages or executor.poisoned):
            raise ContractError('fresh exact common executor, scorer factory, and independent authority required')
        plan = executor.plan
        plan.__post_init__()
        root = executor.root
        journal = _Journal(root / 'common-controller.jsonl')
        build_rows = [{'build_id': history_build_id(plan.protocol, recipe),
                       'recipe_id': recipe['id'], 'status': 'not_started'} for recipe in plan.builds]
        rows = [{'arm_id': recipe['id'], 'task_digest': packet.task.content_hash, 'status': 'not_started', 'scorer_calls': 0}
                for recipe in plan.recipes for packet in plan.packets]
        allocation = plan.protocol.record.data()['allocation']
        if (len(plan.recipes) != 59 or len(build_rows) != allocation['unique_canonical_builds']
                or len(rows) != allocation['target_cells']
                or allocation['executable_arm_procedures'] != len(plan.recipes)
                or allocation['target_cells'] != len(plan.recipes) * len(plan.packets)):
            raise ContractError('common controller grid differs from the frozen recipe and target denominators')
    
        headless_evaluator = plan.headless_evaluator_binding
        evaluator_gate = (None if headless_evaluator is None else
                          _headless_c5_evaluator_gate(headless_evaluator, failure_reason='not_finalized'))
        last_persisted_accounting = None
    
        def persist(captured: dict | None = None) -> None:
            nonlocal last_persisted_accounting
            accounting = _native_accounting(executor) if captured is None else captured
            body = _controller_attempt_body(plan=plan, build_rows=build_rows, rows=rows,
                accounting=accounting, evaluator_gate=evaluator_gate)
            path = root / 'common-controller-attempts.json'
            raw = R(body).encoded.encode('utf-8')
            temporary = path.with_suffix('.tmp'); temporary.write_bytes(raw); temporary.replace(path)
            last_persisted_accounting = accounting
    
        journal.append('controller_lock', {'plan_digest': plan.record.content_hash, 'allocation': plan.protocol.record.data()['allocation']})
        persist()
        builds: list[JointTrainStage] = []
        barrier = None
        panel = None
        target_map: dict[tuple[str, str], JointTrainStage | None] = {}
        targets: list[JointTrainStage | None] = []
        target_ledger: PhaseProviderLedger | PhaseProviderAbort
        service = None
        scores: list[object] = []
        score_inputs: list[FrozenRecord] = []
        process = {'startup_attempts': 0, 'startup_status': 'not_started', 'close_attempts': 0, 'closed': None, 'error': None}
        scorer_provider_terminal = False
    
        for row, recipe in zip(build_rows, plan.builds, strict=True):
            if executor.poisoned or executor.session.terminal():
                row.update(status='blocked', reason='prior_history_failure_or_terminal'); persist(); continue
            journal.append('build_reserved', {'build_id': row['build_id'], 'recipe_id': recipe['id']}); persist()
            try:
                result = executor.execute(recipe_id=recipe['id'], stage='history_build')
                builds.append(result)
                row.update(status=result.record.data()['status'], receipt_digest=result.record.content_hash)
                if row['status'] != 'succeeded': row['reason'] = 'history_stage_failed'
            except Exception as exc:
                row.update(status='failed', reason=type(exc).__name__ + ': ' + str(exc))
            journal.append('build_completed', {'build_id': row['build_id'], 'status': row['status']}); persist()
    
        if (not executor.poisoned and len(builds) == len(build_rows)
                and all(row['status'] == 'succeeded' for row in build_rows)):
            try:
                barrier = JointTrainBarrier.seal(executor)
                with _barrier_validation_scope(barrier) as context:
                    panel, scenarios = _compile_panel_from_context(context)
                journal.append('complete_history_barrier', {'digest': barrier.record.content_hash, 'panel_digest': panel.digest})
            except Exception as exc:
                journal.append('history_barrier_failed', {'error_type': type(exc).__name__})
                barrier = panel = None
        else:
            scenarios = {}
    
        for row in rows:
            key = (row['arm_id'], row['task_digest'])
            if barrier is None or panel is None or executor.poisoned or executor.session.terminal():
                row.update(status='blocked', reason='complete_history_barrier_unavailable')
                target_map[key] = None; targets.append(None); journal.append('target_blocked', {'arm_id': key[0], 'task_digest': key[1]}); persist(); continue
            recipe = next(recipe for recipe in plan.recipes if recipe['id'] == key[0])
            build = next(build for build in barrier.builds if build.record.data()['build_id'] ==
                         history_build_id(plan.protocol, recipe))
            journal.append('target_reserved', {'arm_id': key[0], 'task_digest': key[1]}); persist()
            try:
                result = executor.execute(recipe_id=key[0], stage='target', target_digest=key[1], build=build, barrier=barrier)
                row.update(status=result.record.data()['status'], receipt_digest=result.record.content_hash)
                if row['status'] != 'succeeded': row['reason'] = 'target_stage_failed'
            except Exception as exc:
                result = None
                row.update(status='failed', reason=type(exc).__name__ + ': ' + str(exc))
            target_map[key] = result; targets.append(result)
            journal.append('target_completed', {'arm_id': key[0], 'task_digest': key[1], 'status': row['status']}); persist()
    
        target_ledger = executor.session.finish(root / 'complete-target-provider-ledger.json')
        journal.append('target_provider_finished', {'kind': type(target_ledger).__name__, 'eligible': type(target_ledger) is PhaseProviderLedger})
        all_targets = (barrier is not None and panel is not None and not executor.poisoned
                       and type(target_ledger) is PhaseProviderLedger and len(targets) == len(rows)
                       and all(target is not None and row['status'] == 'succeeded' for target, row in zip(targets, rows, strict=True)))
    
        try:
            if all_targets:
                target_ledger.verify()
                process.update(startup_attempts=1, startup_status='reserved')
                journal.append('scorer_startup_reserved', {'panel_digest': panel.digest}); persist()
                try:
                    service = scorer_factory(panel)
                    if type(service) is not CombinationScorerProcessClient or service.joint_train is not True or service.panel != panel:
                        raise ContractError('exact closed C5 common independent scorer process required')
                    service.assert_configuration(config=ScorerConfig(R(plan.protocol.record.data()['scorer'])),
                                                 task_handle_bindings=plan.data()['scorer_handle_bindings'],
                                                 execution_authority_keys={execution_authority.authority_id: execution_authority.key},
                                                 scorer_authority_keys=scorer_authority_keys)
                    if ((headless_evaluator is not None and service.evaluator_provider != headless_evaluator['evaluator_provider'])
                            or (headless_evaluator is None and service.evaluator_provider is not None)):
                        raise ContractError('C5 scorer process and frozen headless evaluator declaration disagree')
                    process['startup_status'] = 'ready'
                except Exception as exc:
                    process.update(startup_status='failed', error=type(exc).__name__ + ': ' + str(exc))
                    for row in rows:
                        if row['status'] == 'succeeded': row.update(execution_status='succeeded', status='scoring_blocked', reason='scorer_startup')
                journal.append('scorer_startup_completed', {'status': process['startup_status'], 'error': process['error']}); persist()
                if process['startup_status'] == 'ready':
                    for index, row in enumerate(rows):
                        result = targets[index]
                        if result is None or row['status'] != 'succeeded': continue
                        try:
                            _verify_target(result, barrier=barrier, panel=panel, ledger=target_ledger)
                        except ContractError as exc:
                            scorer_provider_terminal = True
                            row.update(execution_status='succeeded', status='scoring_ineligible', reason='scorer_provider_replay: ' + type(exc).__name__)
                            for later in rows[index + 1:]:
                                if later['status'] == 'succeeded': later.update(execution_status='succeeded', status='blocked', reason='scorer_provider_terminal')
                            journal.append('scorer_provider_terminal', {'arm_id': row['arm_id'], 'task_digest': row['task_digest'], 'error_type': type(exc).__name__})
                            persist(); break
                        recipe = next(recipe for recipe in plan.recipes if recipe['id'] == row['arm_id'])
                        packet = next(packet for packet in plan.packets if packet.task.content_hash == row['task_digest'])
                        try:
                            # _verify_target above is the C5-owned complete replay.
                            # The common serializer then has no authority of its own.
                            score_input = execution_authority.issue(_score_input_payload(panel, result.inner).data())
                            row['scorer_calls'] = 1
                            journal.append('scorer_reserved', {'arm_id': row['arm_id'], 'task_digest': row['task_digest'], 'input_digest': score_input.content_hash})
                            score = service.score_combination(panel=panel, cell=result.inner.cell, score_input=score_input)
                            verify_combination_adapted_receipt(score, authority_keys=scorer_authority_keys, config=service.config,
                                                               panel=panel, cell=result.inner.cell, score_input=score_input,
                                                               execution_authority_keys={execution_authority.authority_id: execution_authority.key})
                            score_inputs.append(score_input); scores.append(score)
                            row.update(status='scored', score=score.receipt.data())
                        except Exception as exc:
                            row.update(status='failed', reason=type(exc).__name__ + ': ' + str(exc))
                        journal.append('scorer_completed', {'arm_id': row['arm_id'], 'task_digest': row['task_digest'], 'status': row['status']}); persist()
                    if headless_evaluator is not None:
                        evaluator_gate = _finalize_headless_c5_evaluator(plan=plan, panel=panel, service=service,
                            scores=tuple(scores), scorer_authority_keys=scorer_authority_keys)
                        # No solver call occurs during scoring. Preserve the closure
                        # against the last recorded solver-accounting snapshot before
                        # any later journal write, worker close or fresh provider read.
                        persist(captured=last_persisted_accounting)
                        journal.append('headless_evaluator_finalized', {'status': evaluator_gate['status'],
                            'error_type': evaluator_gate['error_type'], 'known_headless_main_tokens': evaluator_gate['known_headless_main_tokens']})
        finally:
            if service is not None:
                process['close_attempts'] = 1
                try:
                    service.close(); process['closed'] = service.process.poll() is not None
                except Exception as exc:
                    process.update(closed=False, close_error=type(exc).__name__ + ': ' + str(exc))
                journal.append('scorer_closed', {'closed': process['closed']}); persist()
    
        # Capture every report input before this final fresh provenance check.  The
        # receipt below uses only captured values and cannot refresh originals.
        accounting = _native_accounting(executor)
        actual = _actual(tuple([*builds, *[target for target in targets if target is not None]]), accounting, rows)
        persist(accounting)
        final_provider_eligible = type(target_ledger) is PhaseProviderLedger and not scorer_provider_terminal
        if final_provider_eligible:
            try:
                # Recheck complete current stage provenance first.  The ledger verify
                # is deliberately the final original-provider read in this controller.
>               for build in barrier.builds: executor.verify(build)
                             ^^^^^^^^^^^^^^
E               AttributeError: 'NoneType' object has no attribute 'builds'

research_loop\modular\joint_train_controller.py:413: AttributeError
- generated xml file: E:\_ryanDev\AI\research-loop-modular\work\c5-headless-runtime-full-r1.xml -
=========================== short test summary info ===========================
FAILED tests/test_c5_headless_runtime_controller_full.py::test_full_headless_c5_controller_then_registers_selected_bundle
{"commit": "15c2088f950994584ffe7c416843eb1d4e21ff53", "source_unchanged": true, "source_count": 785, "exit_code": 1, "wall_seconds": 7908.546999999991, "new_paid_calls": 0, "report_sha256": "efdd6b994f34bba93ef354a46ee113f6d2bccfa3848fbe773a14303b55283a32", "junit": {"tests": 1, "failures": 1, "errors": 0, "skipped": 0}}
{"source_archive_matches_frozen_input": true, "source_files": 785, "source_archive_sha256": "e145456de4705b353d46b58805d0c353164a3b88c5801772228e46bc07508f8c"}
